[    0.000000] Initializing cgroup subsys cpuset
[    0.000000] Initializing cgroup subsys cpu
[    0.000000] Initializing cgroup subsys cpuacct
[    0.000000] Linux version 4.4.0-184-generic (buildd@lgw01-amd64-008) (gcc version 5.4.0 20160609 (Ubuntu 5.4.0-6ubuntu1~16.04.12) ) #214-Ubuntu SMP Wed Jun 3 11:39:55 UTC 2020 (Ubuntu 4.4.0-184.214-generic 4.4.223)
[    0.000000] KERNEL supported cpus:
[    0.000000]   Intel GenuineIntel
[    0.000000]   AMD AuthenticAMD
[    0.000000]   NSC Geode by NSC
[    0.000000]   Cyrix CyrixInstead
[    0.000000]   Centaur CentaurHauls
[    0.000000]   Transmeta GenuineTMx86
[    0.000000]   Transmeta TransmetaCPU
[    0.000000]   UMC UMC UMC UMC
[    0.000000] x86/fpu: Legacy x87 FPU detected.
[    0.000000] e820: BIOS-provided physical RAM map:
[    0.000000] BIOS-e820: [mem 0x0000000000000000-0x000000000009fbff] usable
[    0.000000] BIOS-e820: [mem 0x000000000009fc00-0x000000000009ffff] reserved
[    0.000000] BIOS-e820: [mem 0x00000000000f0000-0x00000000000fffff] reserved
[    0.000000] BIOS-e820: [mem 0x0000000000100000-0x000000003ffeffff] usable
[    0.000000] BIOS-e820: [mem 0x000000003fff0000-0x000000003fffffff] ACPI data
[    0.000000] BIOS-e820: [mem 0x00000000fec00000-0x00000000fec00fff] reserved
[    0.000000] BIOS-e820: [mem 0x00000000fee00000-0x00000000fee00fff] reserved
[    0.000000] BIOS-e820: [mem 0x00000000fffc0000-0x00000000ffffffff] reserved
[    0.000000] NX (Execute Disable) protection: active
[    0.000000] SMBIOS 2.5 present.
[    0.000000] Hypervisor detected: KVM
[    0.000000] e820: last_pfn = 0x3fff0 max_arch_pfn = 0x1000000
[    0.000000] MTRR: Disabled
[    0.000000] x86/PAT: MTRRs disabled, skipping PAT initialization too.
[    0.000000] CPU MTRRs all blank - virtualized system.
[    0.000000] x86/PAT: Configuration [0-7]: WB  WT  UC- UC  WB  WT  UC- UC  
[    0.000000] found SMP MP-table at [mem 0x0009fff0-0x0009ffff] mapped at [c009fff0]
[    0.000000] Scanning 1 areas for low memory corruption
[    0.000000] RAMDISK: [mem 0x362ea000-0x3716cfff]
[    0.000000] ACPI: Early table checksum verification disabled
[    0.000000] ACPI: RSDP 0x00000000000E0000 000024 (v02 VBOX  )
[    0.000000] ACPI: XSDT 0x000000003FFF0030 00003C (v01 VBOX   VBOXXSDT 00000001 ASL  00000061)
[    0.000000] ACPI: FACP 0x000000003FFF00F0 0000F4 (v04 VBOX   VBOXFACP 00000001 ASL  00000061)
[    0.000000] ACPI: DSDT 0x000000003FFF0470 002325 (v02 VBOX   VBOXBIOS 00000002 INTL 20100528)
[    0.000000] ACPI: FACS 0x000000003FFF0200 000040
[    0.000000] ACPI: FACS 0x000000003FFF0200 000040
[    0.000000] ACPI: APIC 0x000000003FFF0240 00005C (v02 VBOX   VBOXAPIC 00000001 ASL  00000061)
[    0.000000] ACPI: SSDT 0x000000003FFF02A0 0001CC (v01 VBOX   VBOXCPUT 00000002 INTL 20100528)
[    0.000000] 131MB HIGHMEM available.
[    0.000000] 891MB LOWMEM available.
[    0.000000]   mapped low ram: 0 - 37bfe000
[    0.000000]   low ram: 0 - 37bfe000
[    0.000000] kvm-clock: Using msrs 4b564d01 and 4b564d00
[    0.000000] kvm-clock: cpu 0, msr 0:37bfd001, primary cpu clock
[    0.000000] kvm-clock: using sched offset of 5478955787 cycles
[    0.000000] clocksource: kvm-clock: mask: 0xffffffffffffffff max_cycles: 0x1cd42e4dffb, max_idle_ns: 881590591483 ns
[    0.000000] Zone ranges:
[    0.000000]   DMA      [mem 0x0000000000001000-0x0000000000ffffff]
[    0.000000]   Normal   [mem 0x0000000001000000-0x0000000037bfdfff]
[    0.000000]   HighMem  [mem 0x0000000037bfe000-0x000000003ffeffff]
[    0.000000] Movable zone start for each node
[    0.000000] Early memory node ranges
[    0.000000]   node   0: [mem 0x0000000000001000-0x000000000009efff]
[    0.000000]   node   0: [mem 0x0000000000100000-0x000000003ffeffff]
[    0.000000] Initmem setup node 0 [mem 0x0000000000001000-0x000000003ffeffff]
[    0.000000] Using APIC driver default
[    0.000000] ACPI: PM-Timer IO Port: 0x4008
[    0.000000] IOAPIC[0]: apic_id 2, version 32, address 0xfec00000, GSI 0-23
[    0.000000] ACPI: INT_SRC_OVR (bus 0 bus_irq 0 global_irq 2 dfl dfl)
[    0.000000] ACPI: INT_SRC_OVR (bus 0 bus_irq 9 global_irq 9 low level)
[    0.000000] Using ACPI (MADT) for SMP configuration information
[    0.000000] smpboot: Allowing 2 CPUs, 0 hotplug CPUs
[    0.000000] PM: Registered nosave memory: [mem 0x00000000-0x00000fff]
[    0.000000] PM: Registered nosave memory: [mem 0x0009f000-0x0009ffff]
[    0.000000] PM: Registered nosave memory: [mem 0x000a0000-0x000effff]
[    0.000000] PM: Registered nosave memory: [mem 0x000f0000-0x000fffff]
[    0.000000] e820: [mem 0x40000000-0xfebfffff] available for PCI devices
[    0.000000] Booting paravirtualized kernel on KVM
[    0.000000] clocksource: refined-jiffies: mask: 0xffffffff max_cycles: 0xffffffff, max_idle_ns: 7645519600211568 ns
[    0.000000] setup_percpu: NR_CPUS:8 nr_cpumask_bits:8 nr_cpu_ids:2 nr_node_ids:1
[    0.000000] PERCPU: Embedded 18 pages/cpu @f71b2000 s43276 r0 d30452 u73728
[    0.000000] Built 1 zonelists in Zone order, mobility grouping on.  Total pages: 259800
[    0.000000] Kernel command line: BOOT_IMAGE=/boot/vmlinuz-4.4.0-184-generic root=LABEL=cloudimg-rootfs ro console=tty1 console=ttyS0
[    0.000000] PID hash table entries: 4096 (order: 2, 16384 bytes)
[    0.000000] Dentry cache hash table entries: 131072 (order: 7, 524288 bytes)
[    0.000000] Inode-cache hash table entries: 65536 (order: 6, 262144 bytes)
[    0.000000] Initializing CPU#0
[    0.000000] Initializing HighMem for node 0 (00037bfe:0003fff0)
[    0.000000] Initializing Movable for node 0 (00000000:00000000)
[    0.000000] Memory: 1007840K/1048120K available (8142K kernel code, 794K rwdata, 3212K rodata, 936K init, 788K bss, 40280K reserved, 0K cma-reserved, 135112K highmem)
[    0.000000] virtual kernel memory layout:
[    0.000000]     fixmap  : 0xfff15000 - 0xfffff000   ( 936 kB)
[    0.000000]     pkmap   : 0xffc00000 - 0xffe00000   (2048 kB)
[    0.000000]     vmalloc : 0xf83fe000 - 0xffbfe000   ( 120 MB)
[    0.000000]     lowmem  : 0xc0000000 - 0xf7bfe000   ( 891 MB)
[    0.000000]       .init : 0xc1be1000 - 0xc1ccb000   ( 936 kB)
[    0.000000]       .data : 0xc17f3ef8 - 0xc1bdfa00   (4014 kB)
[    0.000000]       .text : 0xc1000000 - 0xc17f3ef8   (8143 kB)
[    0.000000] Checking if this processor honours the WP bit even in supervisor mode...Ok.
[    0.000000] SLUB: HWalign=64, Order=0-3, MinObjects=0, CPUs=2, Nodes=1
[    0.000000] Hierarchical RCU implementation.
[    0.000000] 	Build-time adjustment of leaf fanout to 32.
[    0.000000] 	RCU restricting CPUs from NR_CPUS=8 to nr_cpu_ids=2.
[    0.000000] RCU: Adjusting geometry for rcu_fanout_leaf=32, nr_cpu_ids=2
[    0.000000] NR_IRQS:2304 nr_irqs:440 16
[    0.000000] Console: colour VGA+ 80x25
[    0.000000] console [tty1] enabled
[    0.000000] console [ttyS0] enabled
[    0.000000] allocated 1048576 bytes of page_ext
[    0.000000] tsc: Detected 2711.998 MHz processor
[    0.787356] Calibrating delay loop (skipped) preset value.. 5423.99 BogoMIPS (lpj=10847992)
[    0.794983] pid_max: default: 32768 minimum: 301
[    0.799508] ACPI: Core revision 20150930
[    0.803884] ACPI: 2 ACPI AML tables successfully acquired and loaded
[    0.810165] Security Framework initialized
[    0.814503] Yama: becoming mindful.
[    0.817846] AppArmor: AppArmor initialized
[    0.821448] Mount-cache hash table entries: 2048 (order: 1, 8192 bytes)
[    0.826613] Mountpoint-cache hash table entries: 2048 (order: 1, 8192 bytes)
[    0.833925] Initializing cgroup subsys io
[    0.837324] Initializing cgroup subsys memory
[    0.841025] Initializing cgroup subsys devices
[    0.844869] Initializing cgroup subsys freezer
[    0.848681] Initializing cgroup subsys net_cls
[    0.852475] Initializing cgroup subsys perf_event
[    0.856453] Initializing cgroup subsys net_prio
[    0.860259] Initializing cgroup subsys hugetlb
[    0.864116] Initializing cgroup subsys pids
[    0.868027] mce: CPU supports 0 MCE banks
[    0.871452] Last level iTLB entries: 4KB 64, 2MB 8, 4MB 8
[    0.876910] Last level dTLB entries: 4KB 64, 2MB 0, 4MB 0, 1GB 4
[    0.881908] Spectre V1 : Mitigation: usercopy/swapgs barriers and __user pointer sanitization
[    0.889348] Spectre V2 : Mitigation: Full generic retpoline
[    0.893890] Spectre V2 : Spectre v2 / SpectreRSB mitigation: Filling RSB on context switch
[    0.901739] Speculative Store Bypass: Vulnerable
[    0.906056] MDS: Vulnerable: Clear CPU buffers attempted, no microcode
[    0.937422] Freeing SMP alternatives memory: 36K
[    0.985190] ftrace: allocating 31604 entries in 62 pages
[    1.599712] smpboot: APIC(0) Converting physical 0 to logical package 0
[    1.607098] smpboot: Max logical packages: 1
[    1.612840] Enabling APIC mode:  Flat.  Using 1 I/O APICs
[    1.633710] ..TIMER: vector=0x30 apic1=0 pin1=2 apic2=-1 pin2=-1
[    1.748677] smpboot: CPU0: Intel(R) Core(TM) i5-7200U CPU @ 2.50GHz (family: 0x6, model: 0x8e, stepping: 0x9)
[    1.761074] Performance Events: unsupported p6 CPU model 142 no PMU driver, software events only.
[    1.837079] KVM setup paravirtual spinlock
[    1.847398] x86: Booting SMP configuration:
[    1.852443] .... node  #0, CPUs:      #1
[1266874884.230595] Initializing CPU#1
[    1.865165] kvm-clock: cpu 1, msr 0:37bfd041, secondary cpu clock
[    1.870089] mce: CPU supports 0 MCE banks
[    1.873870] TSC synchronization [CPU#0 -> CPU#1]:
[    1.881158] Measured 70380 cycles TSC warp between CPUs, turning off TSC clock.
[    1.888017] tsc: Marking TSC unstable due to check_tsc_sync_source failed
[    0.462839] x86: Booted up 1 node, 2 CPUs
[    0.464010] smpboot: Total of 2 processors activated (10847.99 BogoMIPS)
[    0.472791] devtmpfs: initialized
[    0.476370] evm: security.selinux
[    0.480012] evm: security.SMACK64
[    0.484008] evm: security.SMACK64EXEC
[    0.488006] evm: security.SMACK64TRANSMUTE
[    0.492007] evm: security.SMACK64MMAP
[    0.496007] evm: security.ima
[    0.498908] evm: security.capability
[    0.504173] clocksource: jiffies: mask: 0xffffffff max_cycles: 0xffffffff, max_idle_ns: 7645041785100000 ns
[    0.508014] futex hash table entries: 512 (order: 3, 32768 bytes)
[    0.512577] pinctrl core: initialized pinctrl subsystem
[    0.520004] RTC time: 22:46:17, date: 06/19/20
[    0.524575] NET: Registered protocol family 16
[    0.528326] EISA bus registered
[    0.544009] cpuidle: using governor ladder
[    0.560016] cpuidle: using governor menu
[    0.563500] PCCT header not found.
[    0.568102] ACPI: bus type PCI registered
[    0.571588] acpiphp: ACPI Hot Plug PCI Controller Driver version: 0.5
[    0.572586] PCI : PCI BIOS area is rw and x. Use pci=nobios if you want it NX.
[    0.576006] PCI: PCI BIOS revision 2.10 entry at 0xfda26, last bus=0
[    0.580009] PCI: Using configuration type 1 for base access
[    0.608406] ACPI: Added _OSI(Module Device)
[    0.612006] ACPI: Added _OSI(Processor Device)
[    0.616005] ACPI: Added _OSI(3.0 _SCP Extensions)
[    0.620006] ACPI: Added _OSI(Processor Aggregator Device)
[    0.625172] ACPI: Executed 1 blocks of module-level executable AML code
[    0.637909] ACPI: Interpreter enabled
[    0.640020] ACPI: (supports S0 S5)
[    0.644004] ACPI: Using IOAPIC for interrupt routing
[    0.648306] PCI: Using host bridge windows from ACPI; if necessary, use "pci=nocrs" and report a bug
[    0.661877] ACPI: PCI Root Bridge [PCI0] (domain 0000 [bus 00-ff])
[    0.664015] acpi PNP0A03:00: _OSC: OS supports [ASPM ClockPM Segments MSI]
[    0.668545] acpi PNP0A03:00: _OSC: not requesting OS control; OS requires [ExtendedConfig ASPM ClockPM MSI]
[    0.672010] acpi PNP0A03:00: fail to add MMCONFIG information, can't access extended PCI configuration space under this bridge.
[    0.676549] PCI host bridge to bus 0000:00
[    0.680011] pci_bus 0000:00: root bus resource [io  0x0000-0x0cf7 window]
[    0.684008] pci_bus 0000:00: root bus resource [io  0x0d00-0xffff window]
[    0.688007] pci_bus 0000:00: root bus resource [mem 0x000a0000-0x000bffff window]
[    0.692009] pci_bus 0000:00: root bus resource [mem 0x40000000-0xfdffffff window]
[    0.696007] pci_bus 0000:00: root bus resource [bus 00-ff]
[    0.706033] pci 0000:00:01.1: legacy IDE quirk: reg 0x10: [io  0x01f0-0x01f7]
[    0.708007] pci 0000:00:01.1: legacy IDE quirk: reg 0x14: [io  0x03f6]
[    0.712020] pci 0000:00:01.1: legacy IDE quirk: reg 0x18: [io  0x0170-0x0177]
[    0.716008] pci 0000:00:01.1: legacy IDE quirk: reg 0x1c: [io  0x0376]
[    0.784697] pci 0000:00:07.0: quirk: [io  0x4000-0x403f] claimed by PIIX4 ACPI
[    0.808031] pci 0000:00:07.0: quirk: [io  0x4100-0x410f] claimed by PIIX4 SMB
[    0.836312] ACPI: PCI Interrupt Link [LNKA] (IRQs 5 9 10 *11)
[    0.852398] ACPI: PCI Interrupt Link [LNKB] (IRQs 5 9 *10 11)
[    0.868203] ACPI: PCI Interrupt Link [LNKC] (IRQs 5 *9 10 11)
[    0.916018] ACPI: PCI Interrupt Link [LNKD] (IRQs 5 9 10 *11)
[    0.929301] ACPI: Enabled 2 GPEs in block 00 to 07
[    0.940346] vgaarb: setting as boot device: PCI:0000:00:02.0
[    0.944000] vgaarb: device added: PCI:0000:00:02.0,decodes=io+mem,owns=io+mem,locks=none
[    0.968008] vgaarb: loaded
[    0.972005] vgaarb: bridge control possible 0000:00:02.0
[    0.985018] SCSI subsystem initialized
[    0.996306] ACPI: bus type USB registered
[    1.004030] usbcore: registered new interface driver usbfs
[    1.016061] usbcore: registered new interface driver hub
[    1.024150] usbcore: registered new device driver usb
[    1.040465] PCI: Using ACPI for IRQ routing
[    1.048516] NetLabel: Initializing
[    1.056005] NetLabel:  domain hash size = 128
[    1.064003] NetLabel:  protocols = UNLABELED CIPSOv4
[    1.076019] NetLabel:  unlabeled traffic allowed by default
[    1.084129] amd_nb: Cannot enumerate AMD northbridges
[    1.096229] clocksource: Switched to clocksource kvm-clock
[    1.133056] AppArmor: AppArmor Filesystem Enabled
[    1.137796] pnp: PnP ACPI init
[    1.142321] pnp: PnP ACPI: found 3 devices
[    1.146515] PnPBIOS: Disabled by ACPI PNP
[    1.188385] clocksource: acpi_pm: mask: 0xffffff max_cycles: 0xffffff, max_idle_ns: 2085701024 ns
[    1.197575] NET: Registered protocol family 2
[    1.202900] TCP established hash table entries: 8192 (order: 3, 32768 bytes)
[    1.210725] TCP bind hash table entries: 8192 (order: 4, 65536 bytes)
[    1.218124] TCP: Hash tables configured (established 8192 bind 8192)
[    1.224849] UDP hash table entries: 512 (order: 2, 16384 bytes)
[    1.230445] UDP-Lite hash table entries: 512 (order: 2, 16384 bytes)
[    1.237725] NET: Registered protocol family 1
[    1.242635] pci 0000:00:00.0: Limiting direct PCI/PCI transfers
[    1.249548] pci 0000:00:01.0: Activating ISA DMA hang workarounds
[    1.256478] Unpacking initramfs...
[    1.724155] Freeing initrd memory: 14860K
[    1.730154] clocksource: tsc: mask: 0xffffffffffffffff max_cycles: 0x27178451938, max_idle_ns: 440795251172 ns
[    1.738849] platform rtc_cmos: registered platform RTC device (no PNP device found)
[    1.747313] Scanning for low memory corruption every 60 seconds
[    1.755357] audit: initializing netlink subsys (disabled)
[    1.762003] audit: type=2000 audit(1592606784.231:1): initialized
[    1.767904] Initialise system trusted keyring
[    1.774545] HugeTLB registered 2 MB page size, pre-allocated 0 pages
[    1.783193] zbud: loaded
[    1.787455] VFS: Disk quotas dquot_6.6.0
[    1.792443] VFS: Dquot-cache hash table entries: 1024 (order 0, 4096 bytes)
[    1.799936] squashfs: version 4.0 (2009/01/31) Phillip Lougher
[    1.807680] fuse init (API version 7.23)
[    1.813315] Key type big_key registered
[    1.816790] Allocating IMA MOK and blacklist keyrings.
[    1.842989] Key type asymmetric registered
[    1.848219] Asymmetric key parser 'x509' registered
[    1.854521] bounce: pool size: 64 pages
[    1.858906] Block layer SCSI generic (bsg) driver version 0.4 loaded (major 249)
[    1.867919] io scheduler noop registered
[    1.872908] io scheduler deadline registered (default)
[    1.877538] io scheduler cfq registered
[    1.881790] pci_hotplug: PCI Hot Plug PCI Core version: 0.5
[    1.887769] pciehp: PCI Express Hot Plug Controller Driver version: 0.4
[    1.895309] ACPI: AC Adapter [AC] (on-line)
[    1.900425] input: Power Button as /devices/LNXSYSTM:00/LNXPWRBN:00/input/input0
[    1.907420] ACPI: Power Button [PWRF]
[    1.912318] input: Sleep Button as /devices/LNXSYSTM:00/LNXSLPBN:00/input/input1
[    1.919295] ACPI: Sleep Button [SLPF]
[    1.925115] GHES: HEST is not enabled!
[    1.926512] ACPI: Battery Slot [BAT0] (battery present)
[    1.934432] Serial: 8250/16550 driver, 32 ports, IRQ sharing enabled
[    1.934597] isapnp: Scanning for PnP cards...
[    1.976780] 00:02: ttyS0 at I/O 0x3f8 (irq = 4, base_baud = 115200) is a 16550A
[    1.987711] Linux agpgart interface v0.103
[    2.004336] loop: module loaded
[    2.009334] scsi host0: ata_piix
[    2.013516] scsi host1: ata_piix
[    2.017381] ata1: PATA max UDMA/33 cmd 0x1f0 ctl 0x3f6 bmdma 0xd000 irq 14
[    2.024393] ata2: PATA max UDMA/33 cmd 0x170 ctl 0x376 bmdma 0xd008 irq 15
[    2.032418] libphy: Fixed MDIO Bus: probed
[    2.037517] tun: Universal TUN/TAP device driver, 1.6
[    2.042896] tun: (C) 1999-2004 Max Krasnyansky <maxk@qualcomm.com>
[    2.049538] PPP generic driver version 2.4.2
[    2.053723] ehci_hcd: USB 2.0 'Enhanced' Host Controller (EHCI) Driver
[    2.061164] ehci-pci: EHCI PCI platform driver
[    2.066226] ehci-platform: EHCI generic platform driver
[    2.072513] ohci_hcd: USB 1.1 'Open' Host Controller (OHCI) Driver
[    2.079022] ohci-pci: OHCI PCI platform driver
[    2.083628] ohci-platform: OHCI generic platform driver
[    2.089873] uhci_hcd: USB Universal Host Controller Interface driver
[    2.096876] i8042: PNP: PS/2 Controller [PNP0303:PS2K,PNP0f03:PS2M] at 0x60,0x64 irq 1,12
[    2.108625] serio: i8042 KBD port at 0x60,0x64 irq 1
[    2.113935] serio: i8042 AUX port at 0x60,0x64 irq 12
[    2.119711] mousedev: PS/2 mouse device common for all mice
[    2.129049] input: AT Translated Set 2 keyboard as /devices/platform/i8042/serio0/input/input2
[    2.138998] rtc_cmos rtc_cmos: rtc core: registered rtc_cmos as rtc0
[    2.146899] rtc_cmos rtc_cmos: alarms up to one day, 114 bytes nvram
[    2.154220] i2c /dev entries driver
[    2.158135] device-mapper: uevent: version 1.0.3
[    2.163339] device-mapper: ioctl: 4.34.0-ioctl (2015-10-28) initialised: dm-devel@redhat.com
[    2.173112] platform eisa.0: Probing EISA bus 0
[    2.177872] platform eisa.0: EISA: Cannot allocate resource for mainboard
[    2.183628] platform eisa.0: Cannot allocate resource for EISA slot 1
[    2.247192] platform eisa.0: Cannot allocate resource for EISA slot 2
[    2.253048] platform eisa.0: Cannot allocate resource for EISA slot 3
[    2.258400] platform eisa.0: Cannot allocate resource for EISA slot 4
[    2.264487] platform eisa.0: Cannot allocate resource for EISA slot 5
[    2.269916] platform eisa.0: Cannot allocate resource for EISA slot 6
[    2.277747] platform eisa.0: Cannot allocate resource for EISA slot 7
[    2.283521] platform eisa.0: Cannot allocate resource for EISA slot 8
[    2.290027] platform eisa.0: EISA: Detected 0 cards
[    2.294911] cpufreq-nforce2: No nForce2 chipset.
[    2.298961] ledtrig-cpu: registered to indicate activity on CPUs
[    2.304871] NET: Registered protocol family 10
[    2.309660] NET: Registered protocol family 17
[    2.314296] Key type dns_resolver registered
[    2.317494] isapnp: No Plug & Play device found
[    2.323627] Using IPI No-Shortcut mode
[    2.333290] registered taskstats version 1
[    2.336693] Loading compiled-in X.509 certificates
[    2.342724] Loaded X.509 cert 'Build time autogenerated kernel key: 8e5a23f0f0d7a0217bcbfb7bcb1ef40392f1e542'
[    2.352295] zswap: loaded using pool lzo/zbud
[    2.362847] Key type trusted registered
[    2.376915] Key type encrypted registered
[    2.380858] AppArmor: AppArmor sha1 policy hashing enabled
[    2.386090] ima: No TPM chip found, activating TPM-bypass!
[    2.391782] ima: Allocated hash algorithm: sha1
[    2.396485] evm: HMAC attrs: 0x1
[    2.400745]   Magic number: 8:0:806
[    2.403890] rtc_cmos rtc_cmos: setting system clock to 2020-06-19 22:46:19 UTC (1592606779)
[    2.412644] BIOS EDD facility v0.16 2004-Jun-25, 0 devices found
[    2.417851] EDD information not available.
[    2.423463] Freeing unused kernel memory: 936K
[    2.428735] Write protecting the kernel text: 8144k
[    2.433031] Write protecting the kernel read-only data: 3220k
[    2.438170] NX-protecting the kernel data: 6192k
Loading, please wait...
starting version 229
[    2.472430] random: udevadm: uninitialized urandom read (16 bytes read, 2 bits of entropy available)
[    2.472458] random: systemd-udevd: uninitialized urandom read (16 bytes read, 2 bits of entropy available)
[    2.472854] random: systemd-udevd: uninitialized urandom read (16 bytes read, 2 bits of entropy available)
[    2.472876] random: systemd-udevd: uninitialized urandom read (16 bytes read, 2 bits of entropy available)
[    2.530978] random: systemd-udevd: uninitialized urandom read (16 bytes read, 2 bits of entropy available)
[    2.537554] random: udevadm: uninitialized urandom read (16 bytes read, 2 bits of entropy available)
[    2.537627] random: udevadm: uninitialized urandom read (16 bytes read, 2 bits of entropy available)
[    2.537927] random: udevadm: uninitialized urandom read (16 bytes read, 2 bits of entropy available)
[    2.538025] random: udevadm: uninitialized urandom read (16 bytes read, 2 bits of entropy available)
[    2.538354] random: udevadm: uninitialized urandom read (16 bytes read, 2 bits of entropy available)
[    2.702974] Fusion MPT base driver 3.04.20
[    2.704137] Copyright (c) 1999-2008 LSI Corporation
[    2.727807] [drm] Initialized drm 1.1.0 20060810
[    2.730038] e1000: Intel(R) PRO/1000 Network Driver - version 7.3.21-k8-NAPI
[    2.730039] e1000: Copyright (c) 1999-2006 Intel Corporation.
[    2.791702] vboxvideo: loading out-of-tree module taints kernel.
[    2.803554] vboxvideo: module verification failed: signature and/or required key missing - tainting kernel
[    2.841491] Fusion MPT SPI Host driver 3.04.20
[    3.063549] input: ImExPS/2 Generic Explorer Mouse as /devices/platform/i8042/serio1/input/input4
[    3.499857] e1000 0000:00:03.0 eth0: (PCI:33MHz:32-bit) 02:88:0e:68:df:52
[    3.508185] e1000 0000:00:03.0 eth0: Intel(R) PRO/1000 Network Connection
[    3.516782] [drm] VRAM 01000000
[    3.521040] [TTM] Zone  kernel: Available graphics memory: 444280 kiB
[    3.527778] [TTM] Zone highmem: Available graphics memory: 511836 kiB
[    3.528976] e1000 0000:00:03.0 enp0s3: renamed from eth0
[    3.542155] [TTM] Initializing pool allocator
[    3.546640] [TTM] Initializing DMA pool allocator
[    4.035213] fbcon: vboxdrmfb (fb0) is primary device
[    4.069859] Console: switching to colour frame buffer device 100x37
[    4.100173] vboxvideo 0000:00:02.0: fb0: vboxdrmfb frame buffer device
[    4.116169] [drm] Initialized vboxvideo 1.0.0 20130823 for 0000:00:02.0 on minor 0
[    4.123082] mptbase: ioc0: Initiating bringup
[    4.195437] ioc0: LSI53C1030 A0: Capabilities={Initiator}
[    4.376518] scsi host2: ioc0: LSI53C1030 A0, FwRev=00000000h, Ports=1, MaxQ=256, IRQ=20
[    4.494849] scsi 2:0:0:0: Direct-Access     VBOX     HARDDISK         1.0  PQ: 0 ANSI: 5
[    4.499946] scsi target2:0:0: Beginning Domain Validation
[    4.509614] scsi target2:0:0: Domain Validation skipping write tests
[    4.511742] scsi target2:0:0: Ending Domain Validation
[    4.514778] scsi target2:0:0: asynchronous
[    4.518962] scsi 2:0:1:0: Direct-Access     VBOX     HARDDISK         1.0  PQ: 0 ANSI: 5
[    4.527226] scsi target2:0:1: Beginning Domain Validation
[    4.544881] scsi target2:0:1: Domain Validation skipping write tests
[    4.553225] scsi target2:0:1: Ending Domain Validation
[    4.561728] scsi target2:0:1: asynchronous
[    4.608402] sd 2:0:0:0: Attached scsi generic sg0 type 0
[    4.617639] sd 2:0:0:0: [sda] 20971520 512-byte logical blocks: (10.7 GB/10.0 GiB)
[    4.618123] sd 2:0:1:0: Attached scsi generic sg1 type 0
[    4.618906] sd 2:0:1:0: [sdb] 20480 512-byte logical blocks: (10.5 MB/10.0 MiB)
[    4.620298] sd 2:0:1:0: [sdb] Write Protect is off
[    4.621010] sd 2:0:1:0: [sdb] Incomplete mode parameter data
[    4.621012] sd 2:0:1:0: [sdb] Assuming drive cache: write through
[    4.655070] sd 2:0:1:0: [sdb] Attached SCSI disk
[    4.692197] sd 2:0:0:0: [sda] Write Protect is off
[    4.702749] sd 2:0:0:0: [sda] Incomplete mode parameter data
[    4.713967] sd 2:0:0:0: [sda] Assuming drive cache: write through
[    4.749248]  sda: sda1
[    4.763421] sd 2:0:0:0: [sda] Attached SCSI disk
Begin: Loading essential drivers ... [    4.971630] md: linear personality registered for level -1
[    4.990169] md: multipath personality registered for level -4
[    5.009469] md: raid0 personality registered for level 0
[    5.042338] md: raid1 personality registered for level 1
[    6.031004] raid6: mmxx1    gen() 84295 MB/s
[    8.030726] raid6: mmxx2    gen() 90091 MB/s
[   10.027782] raid6: sse1x1   gen() 79944 MB/s
[   10.109008] raid6: sse1x2   gen()  5931 MB/s
[   10.193940] raid6: sse2x1   gen()  7688 MB/s
[   10.279855] raid6: sse2x1   xor()  6054 MB/s
[   10.365769] raid6: sse2x2   gen()  8764 MB/s
[   10.440915] raid6: sse2x2   xor()  8586 MB/s
[   10.525927] raid6: int32x1  gen()  1662 MB/s
[   10.609899] raid6: int32x1  xor()   874 MB/s
[   10.695787] raid6: int32x2  gen()  1801 MB/s
[   10.782757] raid6: int32x2  xor()  1290 MB/s
[   10.867367] raid6: int32x4  gen()  1531 MB/s
[   10.952621] raid6: int32x4  xor()  1221 MB/s
[   11.027909] raid6: int32x8  gen()  1651 MB/s
[   11.113705] raid6: int32x8  xor()  1114 MB/s
[   11.117648] raid6: using algorithm mmxx2 gen() 90091 MB/s
[   11.131239] raid6: using ssse3x1 recovery algorithm
[   11.145068] xor: measuring software checksum speed
[   11.192716]    pIII_sse  : 17354.000 MB/sec
[   11.240551]    prefetch64-sse: 19776.000 MB/sec
[   11.249272] xor: using function: prefetch64-sse (19776.000 MB/sec)
[   11.263785] async_tx: api initialized (async)
[   11.322907] md: raid6 personality registered for level 6
[   11.333252] md: raid5 personality registered for level 5
[   11.342578] md: raid4 personality registered for level 4
[   11.374144] md: raid10 personality registered for level 10
done.
Begin: Running /scripts/init-premount ... done.
Begin: Mounting root file system ... Begin: Running /scripts/local-top ... done.
Begin: Running /scripts/local-premount ... [   11.462895] Btrfs loaded
Scanning for Btrfs filesystems
done.
Warning: fsck not present, so skipping root file system
[   11.594054] EXT4-fs (sda1): INFO: recovery required on readonly filesystem
[   11.604132] EXT4-fs (sda1): write access will be enabled during recovery
[   11.949760] EXT4-fs (sda1): orphan cleanup on readonly fs
[   11.958173] EXT4-fs (sda1): 5 orphan inodes deleted
[   11.966373] EXT4-fs (sda1): recovery complete
[   11.976287] EXT4-fs (sda1): mounted filesystem with ordered data mode. Opts: (null)
done.
Begin: Running /scripts/local-bottom ... done.
Begin: Running /scripts/init-bottom ... done.
[   12.861277] random: nonblocking pool is initialized
[   13.084839] systemd[1]: systemd 229 running in system mode. (+PAM +AUDIT +SELINUX +IMA +APPARMOR +SMACK +SYSVINIT +UTMP +LIBCRYPTSETUP +GCRYPT +GNUTLS +ACL +XZ -LZ4 +SECCOMP +BLKID +ELFUTILS +KMOD -IDN)
[   13.116482] systemd[1]: Detected virtualization oracle.
[   13.126312] systemd[1]: Detected architecture x86.

Welcome to [1mUbuntu 16.04.6 LTS[0m!

[   13.182220] systemd[1]: Set hostname to <ubuntu-xenial>.
[   14.562287] systemd[1]: Started Forward Password Requests to Wall Directory Watch.
[[0;32m  OK  [0m] Started Forward Password Requests to Wall Directory Watch.
[   14.578375] systemd[1]: Listening on LVM2 metadata daemon socket.
[[0;32m  OK  [0m] Listening on LVM2 metadata daemon socket.
[   14.593542] systemd[1]: Listening on /dev/initctl Compatibility Named Pipe.
[[0;32m  OK  [0m] Listening on /dev/initctl Compatibility Named Pipe.
[   14.610563] systemd[1]: Listening on udev Kernel Socket.
[[0;32m  OK  [0m] Listening on udev Kernel Socket.
[   14.624705] systemd[1]: Started Trigger resolvconf update for networkd DNS.
[[0;32m  OK  [0m] Started Trigger resolvconf update for networkd DNS.
[   14.640768] systemd[1]: Listening on Journal Socket.
[[0;32m  OK  [0m] Listening on Journal Socket.
[   14.654926] systemd[1]: Reached target Encrypted Volumes.
[[0;32m  OK  [0m] Reached target Encrypted Volumes.
[   14.670616] systemd[1]: Listening on udev Control Socket.
[[0;32m  OK  [0m] Listening on udev Control Socket.
[   14.686288] systemd[1]: Listening on Syslog Socket.
[[0;32m  OK  [0m] Listening on Syslog Socket.
[   14.701414] systemd[1]: Reached target Swap.
[[0;32m  OK  [0m] Reached target Swap.
[   14.715761] systemd[1]: Listening on Device-mapper event daemon FIFOs.
[[0;32m  OK  [0m] Listening on Device-mapper event daemon FIFOs.
[   14.733602] systemd[1]: Set up automount Arbitrary Executable File Formats File System Automount Point.
[[0;32m  OK  [0m] Set up automount Arbitrary Executab...ats File System Automount Point.
[   14.762376] systemd[1]: Created slice System Slice.
[[0;32m  OK  [0m] Created slice System Slice.
[   14.789485] systemd[1]: Starting Set console keymap...
         Starting Set console keymap...
[   14.806337] systemd[1]: Starting Create list of required static device nodes for the current kernel...
         Starting Create list of required st... nodes for the current kernel...
[   14.837071] systemd[1]: Mounting Huge Pages File System...
         Mounting Huge Pages File System...
[   14.855358] systemd[1]: Mounting Debug File System...
         Mounting Debug File System...
[   14.873576] systemd[1]: Listening on Journal Audit Socket.
[[0;32m  OK  [0m] Listening on Journal Audit Socket.
[   14.890068] systemd[1]: Created slice system-serial\x2dgetty.slice.
[[0;32m  OK  [0m] Created slice system-serial\x2dgetty.slice.
[   14.910753] systemd[1]: Created slice User and Session Slice.
[[0;32m  OK  [0m] Created slice User and Session Slice.
[   14.931699] systemd[1]: Reached target Slices.
[[0;32m  OK  [0m] Reached target Slices.
[   14.948668] systemd[1]: Listening on LVM2 poll daemon socket.
[[0;32m  OK  [0m] Listening on LVM2 poll daemon socket.
[   15.008769] systemd[1]: Starting Uncomplicated firewall...
         Starting Uncomplicated firewall...
[   15.031870] systemd[1]: Listening on Journal Socket (/dev/log).
[[0;32m  OK  [0m] Listening on Journal Socket (/dev/log).
[   15.051238] systemd[1]: Starting Journal Service...
         Starting Journal Service...
[   15.141426] systemd[1]: Starting Load Kernel Modules...
         Starting Load Kernel Modules...
[   15.160781] systemd[1]: Starting Nameserver information manager...
         Starting Nameserver information manager...
[   15.180248] systemd[1]: Starting Monitoring of LVM2 mirrors, snapshots etc. using dmeventd or progress polling...
         Starting Monitoring of LVM2 mirrors... dmeventd or progress polling...
[   15.216492] systemd[1]: Reached target User and Group Name Lookups.
[[0;32m  OK  [0m] Reached target User and Group Name Lookups.
[   15.235990] systemd[1]: Reached target System Time Synchronized.
[[0;32m  OK  [0m] Reached target System Time Synchronized.
[   15.264381] systemd[1]: Mounting POSIX Message Queue File System...
         Mounting POSIX Message Queue File System...
[   15.281736] systemd[1]: Starting Remount Root and Kernel File Systems...
[   15.295917] Loading iSCSI transport class v2.0-870.
         Starting Remount Root and Kernel File Systems...
[   15.315927] systemd[1]: Mounted Debug File System.
[   15.319230] EXT4-fs (sda1): re-mounted. Opts: (null)
[[0;32m  OK  [0m] Mounted Debug File System.
[   15.349876] systemd[1]: Mounted POSIX Message Queue File System.
[[0;32m  OK  [0m] Mounted POSIX Message Queue File System.
[   15.366197] systemd[1]: Mounted Huge Pages File System.
[[0;32m  OK  [0m] Mounted Huge Pages File System.
[   15.383471] systemd[1]: Started Set console keymap.
[[0;32m  OK  [0m] Started Set console keymap.
[   15.405754] systemd[1]: Started Create list of required static device nodes for the current kernel.
[[0;32m  OK  [0m] Started Create list of required sta...ce nodes for the current kernel.
[   15.445013] systemd[1]: Started Uncomplicated firewall.
[   15.464469] iscsi: registered transport (tcp)
[[0;32m  OK  [0m] Started Uncomplicated firewall.
[   15.490964] systemd[1]: Started Remount Root and Kernel File Systems.
[[0;32m  OK  [0m] Started Remount Root and Kernel File Systems.
[   15.514346] systemd[1]: Started Nameserver information manager.
[[0;32m  OK  [0m] Started Nameserver information manager.
[   15.539167] systemd[1]: Started Journal Service.
[[0;32m  OK  [0m] Started Journal Service.
[[0;32m  OK  [0m] Started LVM2 metadata daemon.
         Starting udev Coldplug all Devices...
         Starting Flush Journal to Persistent Storage...
         Starting Load/Save Random Seed...
         Starting Create Static Device Nodes in /dev...
[   15.735541] iscsi: registered transport (iser)
[[0;32m  OK  [0m] Started Load Kernel Modules.
[   15.760301] systemd-journald[364]: Received request to flush runtime journal from PID 1
         Mounting FUSE Control File System...
         Starting Apply Kernel Variables...
[[0;32m  OK  [0m] Mounted FUSE Control File System.
[[0;32m  OK  [0m] Started udev Coldplug all Devices.
[[0;32m  OK  [0m] Started Flush Journal to Persistent Storage.
[[0;32m  OK  [0m] Started Load/Save Random Seed.
[[0;32m  OK  [0m] Started Apply Kernel Variables.
[[0;32m  OK  [0m] Started Monitoring of LVM2 mirrors,...ng dmeventd or progress polling.
[[0;32m  OK  [0m] Started Create Static Device Nodes in /dev.
         Starting udev Kernel Device Manager...
[[0;32m  OK  [0m] Reached target Local File Systems (Pre).
[[0;32m  OK  [0m] Reached target Local File Systems.
         Starting LSB: AppArmor initialization...
         Starting Initial cloud-init job (pre-networking)...
         Starting Create Volatile Files and Directories...
         Starting Tell Plymouth To Write Out Runtime Data...
         Starting Set console font and keymap...
[[0;32m  OK  [0m] Started Create Volatile Files and Directories.
         Starting Update UTMP about System Boot/Shutdown...
[[0;32m  OK  [0m] Started Tell Plymouth To Write Out Runtime Data.
[[0;32m  OK  [0m] Started Update UTMP about System Boot/Shutdown.
[[0;32m  OK  [0m] Started Set console font and keymap.
[[0;32m  OK  [0m] Created slice system-getty.slice.
[[0;32m  OK  [0m] Started udev Kernel Device Manager.
[[0;32m  OK  [0m] Started Dispatch Password Requests to Console Directory Watch.
[[0;32m  OK  [0m] Found device /dev/ttyS0.
[[0;32m  OK  [0m] Listening on Load/Save RF Kill Switch Status /dev/rfkill Watch.
[[0;32m  OK  [0m] Found device 82540EM Gigabit Ethern...r (PRO/1000 MT Desktop Adapter).
[[0;32m  OK  [0m] Started LSB: AppArmor initialization.
[   23.011719] cloud-init[447]: Cloud-init v. 19.4-33-gbb4131a2-0ubuntu1~16.04.1 running 'init-local' at Fri, 19 Jun 2020 22:46:38 +0000. Up 21.79 seconds.
[[0;32m  OK  [0m] Started Initial cloud-init job (pre-networking).
[[0;32m  OK  [0m] Reached target Network (Pre).
[[0;32m  OK  [0m] Started ifup for enp0s3.
         Starting Raise network interfaces...
[[0;32m  OK  [0m] Started Raise network interfaces.
[[0;32m  OK  [0m] Reached target Network.
         Starting Initial cloud-init job (metadata service crawler)...
[   24.465634] cloud-init[953]: Cloud-init v. 19.4-33-gbb4131a2-0ubuntu1~16.04.1 running 'init' at Fri, 19 Jun 2020 22:46:40 +0000. Up 23.80 seconds.
[   24.471958] cloud-init[953]: ci-info: +++++++++++++++++++++++++++++++++++++Net device info++++++++++++++++++++++++++++++++++++++
[   24.478578] cloud-init[953]: ci-info: +--------+------+---------------------------+---------------+--------+-------------------+
[   24.484872] cloud-init[953]: ci-info: | Device |  Up  |          Address          |      Mask     | Scope  |     Hw-Address    |
[   24.490888] cloud-init[953]: ci-info: +--------+------+---------------------------+---------------+--------+-------------------+
[   24.496999] cloud-init[953]: ci-info: | enp0s3 | True |         10.0.2.15         | 255.255.255.0 | global | 02:88:0e:68:df:52 |
[   24.503149] cloud-init[953]: ci-info: | enp0s3 | True | fe80::88:eff:fe68:df52/64 |       .       |  link  | 02:88:0e:68:df:52 |
[   24.509485] cloud-init[953]: ci-info: |   lo   | True |         127.0.0.1         |   255.0.0.0   |  host  |         .         |
[   24.516038] cloud-init[953]: ci-info: |   lo   | True |          ::1/128          |       .       |  host  |         .         |
[   24.521973] cloud-init[953]: ci-info: +--------+------+---------------------------+---------------+--------+-------------------+
[   24.527528] cloud-init[953]: ci-info: +++++++++++++++++++++++++++Route IPv4 info++++++++++++++++++++++++++++
[   24.532814] cloud-init[953]: ci-info: +-------+-------------+----------+---------------+-----------+-------+
[   24.538224] cloud-init[953]: ci-info: | Route | Destination | Gateway  |    Genmask    | Interface | Flags |
[   24.543694] cloud-init[953]: ci-info: +-------+-------------+----------+---------------+-----------+-------+
[   24.549116] cloud-init[953]: ci-info: |   0   |   0.0.0.0   | 10.0.2.2 |    0.0.0.0    |   enp0s3  |   UG  |
[   24.554832] cloud-init[953]: ci-info: |   1   |   10.0.2.0  | 0.0.0.0  | 255.255.255.0 |   enp0s3  |   U   |
[   24.560546] cloud-init[953]: ci-info: +-------+-------------+----------+---------------+-----------+-------+
[   24.565900] cloud-init[953]: ci-info: +++++++++++++++++++Route IPv6 info+++++++++++++++++++
[   24.570863] cloud-init[953]: ci-info: +-------+-------------+---------+-----------+-------+
[   24.575766] cloud-init[953]: ci-info: | Route | Destination | Gateway | Interface | Flags |
[   24.580692] cloud-init[953]: ci-info: +-------+-------------+---------+-----------+-------+
[   24.585583] cloud-init[953]: ci-info: |   0   |  fe80::/64  |    ::   |   enp0s3  |   U   |
[   24.590726] cloud-init[953]: ci-info: |   3   |   ff00::/8  |    ::   |   enp0s3  |   U   |
[   24.595777] cloud-init[953]: ci-info: +-------+-------------+---------+-----------+-------+
[[0;32m  OK  [0m] Started Initial cloud-init job (metadata service crawler).
[[0;32m  OK  [0m] Reached target Network is Online.
         Starting iSCSI initiator daemon (iscsid)...
[[0;32m  OK  [0m] Reached target System Initialization.
[[0;32m  OK  [0m] Listening on D-Bus System Message Bus Socket.
[[0;32m  OK  [0m] Started Daily apt download activities.
[[0;32m  OK  [0m] Started Daily apt upgrade and clean activities.
[[0;32m  OK  [0m] Listening on ACPID Listen Socket.
         Starting Socket activation for snappy daemon.
[[0;32m  OK  [0m] Started ACPI Events Check.
[[0;32m  OK  [0m] Reached target Paths.
[[0;32m  OK  [0m] Started Message of the Day.
[[0;32m  OK  [0m] Listening on UUID daemon activation socket.
[[0;32m  OK  [0m] Started Daily Cleanup of Temporary Directories.
[[0;32m  OK  [0m] Reached target Timers.
         Starting LXD - unix socket.
[[0;32m  OK  [0m] Reached target Cloud-config availability.
[[0;32m  OK  [0m] Listening on Socket activation for snappy daemon.
[[0;32m  OK  [0m] Listening on LXD - unix socket.
[[0;32m  OK  [0m] Reached target Sockets.
[[0;32m  OK  [0m] Reached target Basic System.
         Starting /etc/rc.local Compatibility...
         Starting LSB: Record successful boot for GRUB...
[[0;32m  OK  [0m] Started Deferred execution scheduler.
         Starting Accounts Service...
         Starting MySQL Community Server...
         Starting vboxadd.service...
         Starting Login Service...
         Starting System Logging Service...
[[0;32m  OK  [0m] Started FUSE filesystem for LXC.
         Starting OpenBSD Secure Shell server...
[[0;32m  OK  [0m] Started Regular background program processing daemon.
         Starting LSB: MD monitoring daemon...
         Starting LXD - container startup/shutdown...
[[0;32m  OK  [0m] Started D-Bus System Message Bus.
[[0;32m  OK  [0m] Started ACPI event daemon.
         Starting Snappy daemon...
[[0;32m  OK  [0m] Started System Logging Service.
[[0;32m  OK  [0m] Started iSCSI initiator daemon (iscsid).
[[0;32m  OK  [0m] Started /etc/rc.local Compatibility.
[[0;32m  OK  [0m] Started Login Service.
[[0;32m  OK  [0m] Started Unattended Upgrades Shutdown.
         Starting Login to default iSCSI targets...
[[0;32m  OK  [0m] Started OpenBSD Secure Shell server.
         Starting Authenticate and Authorize Users to Run Privileged Tasks...
[[0;32m  OK  [0m] Started LSB: MD monitoring daemon.
[[0;32m  OK  [0m] Started LSB: Record successful boot for GRUB.
[[0;32m  OK  [0m] Started Login to default iSCSI targets.
[[0;32m  OK  [0m] Reached target Remote File Systems (Pre).
[[0;32m  OK  [0m] Reached target Remote File Systems.
         Starting Permit User Sessions...
         Starting LSB: daemon to balance interrupts for SMP systems...
         Starting LSB: Set the CPU Frequency Scaling governor to "ondemand"...
         Starting LSB: automatic crash report generation...
[[0;32m  OK  [0m] Started LSB: Set the CPU Frequency Scaling governor to "ondemand".
[[0;32m  OK  [0m] Started Permit User Sessions.
         Starting Terminate Plymouth Boot Screen...
         Starting Hold until boot process finishes up...
[[0;32m  OK  [0m] Started Terminate Plymouth Boot Screen.
[[0;32m  OK  [0m] Started Hold until boot process finishes up.
[[0;32m  OK  [0m] Started Getty on tty1.
         Starting Set console scheme...
[[0;32m  OK  [0m] Started Serial Getty on ttyS0.
[[0;32m  OK  [0m] Reached target Login Prompts.
[[0;32m  OK  [0m] Started LSB: daemon to balance interrupts for SMP systems.
[[0;32m  OK  [0m] Started Set console scheme.
[[0;32m  OK  [0m] Started Authenticate and Authorize Users to Run Privileged Tasks.
[[0;32m  OK  [0m] Started Accounts Service.
[[0;32m  OK  [0m] Started LSB: automatic crash report generation.
[[0;32m  OK  [0m] Created slice User Slice of vagrant.
         Starting User Manager for UID 1000...
[[0;32m  OK  [0m] Started Session 1 of user vagrant.
[[0;32m  OK  [0m] Started User Manager for UID 1000.
[[0;32m  OK  [0m] Started LXD - container startup/shutdown.
[[0;32m  OK  [0m] Started Snappy daemon.
         Starting Wait until snapd is fully seeded...
[[0;32m  OK  [0m] Started Wait until snapd is fully seeded.
         Starting Apply the settings specified in cloud-config...
[   31.398999] cloud-init[1308]: Cloud-init v. 19.4-33-gbb4131a2-0ubuntu1~16.04.1 running 'modules:config' at Fri, 19 Jun 2020 22:46:48 +0000. Up 30.92 seconds.
[[0;32m  OK  [0m] Started Apply the settings specified in cloud-config.

Ubuntu 16.04.6 LTS ubuntu-xenial ttyS0

ubuntu-xenial login: [   40.214035] cloud-init[2790]: Cloud-init v. 19.4-33-gbb4131a2-0ubuntu1~16.04.1 running 'modules:final' at Fri, 19 Jun 2020 22:46:57 +0000. Up 39.95 seconds.
[   40.214273] cloud-init[2790]: Cloud-init v. 19.4-33-gbb4131a2-0ubuntu1~16.04.1 finished at Fri, 19 Jun 2020 22:46:57 +0000. Datasource DataSourceNoCloud [seed=/dev/sdb][dsmode=net].  Up 40.20 seconds
